C:/Users/Thong Beo/OneDrive/Desktop/dilam/LoRaWan-E5-Node-qian/LoRaWan-E5-Node-qian/Projects/Applications/LoRaWAN/LoRaWAN_End_Node/Core/Src/stm32_lpm_if.c:79:6:PWR_EnterOffMode	0	static
C:/Users/Thong Beo/OneDrive/Desktop/dilam/LoRaWan-E5-Node-qian/LoRaWan-E5-Node-qian/Projects/Applications/LoRaWAN/LoRaWAN_End_Node/Core/Src/stm32_lpm_if.c:86:6:PWR_ExitOffMode	0	static
C:/Users/Thong Beo/OneDrive/Desktop/dilam/LoRaWan-E5-Node-qian/LoRaWan-E5-Node-qian/Projects/Applications/LoRaWAN/LoRaWAN_End_Node/Core/Src/stm32_lpm_if.c:93:6:PWR_EnterStopMode	8	static
C:/Users/Thong Beo/OneDrive/Desktop/dilam/LoRaWan-E5-Node-qian/LoRaWan-E5-Node-qian/Projects/Applications/LoRaWAN/LoRaWAN_End_Node/Core/Src/stm32_lpm_if.c:146:6:PWR_ExitSleepMode	8	static
C:/Users/Thong Beo/OneDrive/Desktop/dilam/LoRaWan-E5-Node-qian/LoRaWan-E5-Node-qian/Projects/Applications/LoRaWAN/LoRaWAN_End_Node/Core/Src/stm32_lpm_if.c:111:6:PWR_ExitStopMode	8	static
C:/Users/Thong Beo/OneDrive/Desktop/dilam/LoRaWan-E5-Node-qian/LoRaWan-E5-Node-qian/Projects/Applications/LoRaWAN/LoRaWAN_End_Node/Core/Src/stm32_lpm_if.c:130:6:PWR_EnterSleepMode	8	static
