C:/Users/Thong Beo/OneDrive/Desktop/dilam/LoRaWan-E5-Node-qian/LoRaWan-E5-Node-qian/Projects/Applications/LoRaWAN/LoRaWAN_End_Node/LoRaWAN/Target/radio_board_if.c:60:9:RBI_Init	8	static
C:/Users/Thong Beo/OneDrive/Desktop/dilam/LoRaWan-E5-Node-qian/LoRaWan-E5-Node-qian/Projects/Applications/LoRaWAN/LoRaWAN_End_Node/LoRaWAN/Target/radio_board_if.c:85:9:RBI_DeInit	8	static
C:/Users/Thong Beo/OneDrive/Desktop/dilam/LoRaWan-E5-Node-qian/LoRaWan-E5-Node-qian/Projects/Applications/LoRaWAN/LoRaWAN_End_Node/LoRaWAN/Target/radio_board_if.c:110:9:RBI_ConfigRFSwitch	8	static
C:/Users/Thong Beo/OneDrive/Desktop/dilam/LoRaWan-E5-Node-qian/LoRaWan-E5-Node-qian/Projects/Applications/LoRaWAN/LoRaWAN_End_Node/LoRaWAN/Target/radio_board_if.c:136:9:RBI_GetTxConfig	8	static
C:/Users/Thong Beo/OneDrive/Desktop/dilam/LoRaWan-E5-Node-qian/LoRaWan-E5-Node-qian/Projects/Applications/LoRaWAN/LoRaWAN_End_Node/LoRaWAN/Target/radio_board_if.c:161:9:RBI_IsTCXO	8	static
C:/Users/Thong Beo/OneDrive/Desktop/dilam/LoRaWan-E5-Node-qian/LoRaWan-E5-Node-qian/Projects/Applications/LoRaWAN/LoRaWAN_End_Node/LoRaWAN/Target/radio_board_if.c:186:9:RBI_IsDCDC	8	static
