C:/Users/Thong Beo/OneDrive/Desktop/dilam/backup_lorawan/LoRaWAN/LoRaWan-E5-Node-qian/LoRaWan-E5-Node-qian/Middlewares/Third_Party/LoRaWAN/Crypto/cmac.c:59:6:AES_CMAC_Init	8	static
C:/Users/Thong Beo/OneDrive/Desktop/dilam/backup_lorawan/LoRaWAN/LoRaWan-E5-Node-qian/LoRaWan-E5-Node-qian/Middlewares/Third_Party/LoRaWAN/Crypto/cmac.c:66:6:AES_CMAC_SetKey	8	static
C:/Users/Thong Beo/OneDrive/Desktop/dilam/backup_lorawan/LoRaWAN/LoRaWan-E5-Node-qian/LoRaWan-E5-Node-qian/Middlewares/Third_Party/LoRaWAN/Crypto/cmac.c:71:6:AES_CMAC_Update	40	static
C:/Users/Thong Beo/OneDrive/Desktop/dilam/backup_lorawan/LoRaWAN/LoRaWan-E5-Node-qian/LoRaWan-E5-Node-qian/Middlewares/Third_Party/LoRaWAN/Crypto/cmac.c:109:6:AES_CMAC_Final	48	static
