C:/Users/Thong Beo/OneDrive/Desktop/dilam/backup_lorawan/LoRaWAN/LoRaWan-E5-Node-qian/LoRaWan-E5-Node-qian/Middlewares/Third_Party/LoRaWAN/Mac/LoRaMacSerializer.c:36:27:LoRaMacSerializerJoinRequest	8	static
C:/Users/Thong Beo/OneDrive/Desktop/dilam/backup_lorawan/LoRaWAN/LoRaWan-E5-Node-qian/LoRaWan-E5-Node-qian/Middlewares/Third_Party/LoRaWAN/Mac/LoRaMacSerializer.c:72:27:LoRaMacSerializerReJoinType1	8	static
C:/Users/Thong Beo/OneDrive/Desktop/dilam/backup_lorawan/LoRaWAN/LoRaWan-E5-Node-qian/LoRaWan-E5-Node-qian/Middlewares/Third_Party/LoRaWAN/Mac/LoRaMacSerializer.c:103:27:LoRaMacSerializerReJoinType0or2	8	static
C:/Users/Thong Beo/OneDrive/Desktop/dilam/backup_lorawan/LoRaWAN/LoRaWan-E5-Node-qian/LoRaWan-E5-Node-qian/Middlewares/Third_Party/LoRaWAN/Mac/LoRaMacSerializer.c:134:27:LoRaMacSerializerData	16	static
