C:/Users/Thong Beo/OneDrive/Desktop/dilam/backup_lorawan/LoRaWAN/LoRaWan-E5-Node-qian/LoRaWan-E5-Node-qian/Middlewares/Third_Party/LoRaWAN/Utilities/utilities.c:48:16:rand1	0	static
C:/Users/Thong Beo/OneDrive/Desktop/dilam/backup_lorawan/LoRaWAN/LoRaWan-E5-Node-qian/LoRaWan-E5-Node-qian/Middlewares/Third_Party/LoRaWAN/Utilities/utilities.c:53:6:srand1	0	static
C:/Users/Thong Beo/OneDrive/Desktop/dilam/backup_lorawan/LoRaWAN/LoRaWan-E5-Node-qian/LoRaWan-E5-Node-qian/Middlewares/Third_Party/LoRaWAN/Utilities/utilities.c:59:9:randr	16	static
C:/Users/Thong Beo/OneDrive/Desktop/dilam/backup_lorawan/LoRaWAN/LoRaWan-E5-Node-qian/LoRaWan-E5-Node-qian/Middlewares/Third_Party/LoRaWAN/Utilities/utilities.c:64:6:memcpy1	0	static
C:/Users/Thong Beo/OneDrive/Desktop/dilam/backup_lorawan/LoRaWAN/LoRaWan-E5-Node-qian/LoRaWan-E5-Node-qian/Middlewares/Third_Party/LoRaWAN/Utilities/utilities.c:72:6:memcpyr	0	static
C:/Users/Thong Beo/OneDrive/Desktop/dilam/backup_lorawan/LoRaWAN/LoRaWan-E5-Node-qian/LoRaWan-E5-Node-qian/Middlewares/Third_Party/LoRaWAN/Utilities/utilities.c:81:6:memset1	0	static
C:/Users/Thong Beo/OneDrive/Desktop/dilam/backup_lorawan/LoRaWAN/LoRaWan-E5-Node-qian/LoRaWan-E5-Node-qian/Middlewares/Third_Party/LoRaWAN/Utilities/utilities.c:89:8:Nibble2HexChar	0	static
C:/Users/Thong Beo/OneDrive/Desktop/dilam/backup_lorawan/LoRaWAN/LoRaWan-E5-Node-qian/LoRaWan-E5-Node-qian/Middlewares/Third_Party/LoRaWAN/Utilities/utilities.c:105:10:Crc32	8	static
C:/Users/Thong Beo/OneDrive/Desktop/dilam/backup_lorawan/LoRaWAN/LoRaWan-E5-Node-qian/LoRaWan-E5-Node-qian/Middlewares/Third_Party/LoRaWAN/Utilities/utilities.c:130:10:Crc32Init	0	static
C:/Users/Thong Beo/OneDrive/Desktop/dilam/backup_lorawan/LoRaWAN/LoRaWan-E5-Node-qian/LoRaWan-E5-Node-qian/Middlewares/Third_Party/LoRaWAN/Utilities/utilities.c:135:10:Crc32Update	8	static
C:/Users/Thong Beo/OneDrive/Desktop/dilam/backup_lorawan/LoRaWAN/LoRaWan-E5-Node-qian/LoRaWan-E5-Node-qian/Middlewares/Third_Party/LoRaWAN/Utilities/utilities.c:159:10:Crc32Finalize	0	static
