C:/Users/Thong Beo/OneDrive/Desktop/dilam/LoRaWan-E5-Node-qian/LoRaWan-E5-Node-qian/Projects/Applications/LoRaWAN/LoRaWAN_End_Node/Core/Src/main.c:157:6:Error_Handler	1
C:/Users/Thong Beo/OneDrive/Desktop/dilam/LoRaWan-E5-Node-qian/LoRaWan-E5-Node-qian/Projects/Applications/LoRaWAN/LoRaWAN_End_Node/Core/Src/main.c:108:6:SystemClock_Config	1
C:/Users/Thong Beo/OneDrive/Desktop/dilam/LoRaWan-E5-Node-qian/LoRaWan-E5-Node-qian/Projects/Applications/LoRaWAN/LoRaWAN_End_Node/Core/Src/main.c:64:5:main	1
